Microchip MPLAB XC8 Compiler V2.05 ()

Linker command line:

-W-3 --edf=C:\Program Files (x86)\Microchip\xc8\v2.05\pic\dat\en_msgs.txt \
  -cs -h+dist/default/production\CollimatorTest.X.production.sym \
  --cmf=dist/default/production\CollimatorTest.X.production.cmf -z \
  -Q16F15354 -oC:\Users\19006418\AppData\Local\Temp\s2qc.2 \
  --defsym=__MPLAB_BUILD=1 \
  -Mdist/default/production/CollimatorTest.X.production.map -E1 -ver=XC8 \
  --acfsm=1493 -ASTACK=020C8h-021EFh -pstack=STACK -ACODE=00h-07FFhx2 \
  -ASTRCODE=00h-0FFFh -ASTRING=00h-0FFhx16 -ACONST=00h-0FFhx16 \
  -AENTRY=00h-0FFhx16 -ACOMMON=070h-07Fh -ABANK0=020h-06Fh \
  -ABANK1=0A0h-0EFh -ABANK2=0120h-016Fh -ABANK3=01A0h-01EFh \
  -ABANK4=0220h-026Fh -ABANK5=02A0h-02EFh -ABANK6=0320h-032Fh \
  -ABIGRAM=02000h-021EFh \
  -ARAM=020h-06Fh,0A0h-0EFh,0120h-016Fh,01A0h-01EFh,0220h-026Fh,02A0h-02EFh,0320h-032Fh \
  -AABS1=020h-07Fh,0A0h-0EFh,0120h-016Fh,01A0h-01EFh,0220h-026Fh,02A0h-02EFh,0320h-032Fh \
  -ASFR0=00h-01Fh -ASFR1=080h-09Fh -ASFR2=0100h-011Fh -ASFR3=0180h-019Fh \
  -ASFR4=0200h-021Fh -ASFR5=0280h-029Fh -ASFR6=0300h-031Fh \
  -ASFR7=0380h-03EFh -ASFR8=0400h-046Fh -ASFR9=0480h-04EFh \
  -ASFR10=0500h-056Fh -ASFR11=0580h-05EFh -ASFR12=0600h-066Fh \
  -ASFR13=0680h-06EFh -ASFR14=0700h-076Fh -ASFR15=0780h-07EFh \
  -ASFR16=0800h-086Fh -ASFR17=0880h-08EFh -ASFR18=0900h-096Fh \
  -ASFR19=0980h-09EFh -ASFR20=0A00h-0A6Fh -ASFR21=0A80h-0AEFh \
  -ASFR22=0B00h-0B6Fh -ASFR23=0B80h-0BEFh -ASFR24=0C00h-0C6Fh \
  -ASFR25=0C80h-0CEFh -ASFR26=0D00h-0D6Fh -ASFR27=0D80h-0DEFh \
  -ASFR28=0E00h-0E6Fh -ASFR29=0E80h-0EEFh -ASFR30=0F00h-0F6Fh \
  -ASFR31=0F80h-0FEFh -ASFR32=01000h-0106Fh -ASFR33=01080h-010EFh \
  -ASFR34=01100h-0116Fh -ASFR35=01180h-011EFh -ASFR36=01200h-0126Fh \
  -ASFR37=01280h-012EFh -ASFR38=01300h-0136Fh -ASFR39=01380h-013EFh \
  -ASFR40=01400h-0146Fh -ASFR41=01480h-014EFh -ASFR42=01500h-0156Fh \
  -ASFR43=01580h-015EFh -ASFR44=01600h-0166Fh -ASFR45=01680h-016EFh \
  -ASFR46=01700h-0176Fh -ASFR47=01780h-017EFh -ASFR48=01800h-0186Fh \
  -ASFR49=01880h-018EFh -ASFR50=01900h-0196Fh -ASFR51=01980h-019EFh \
  -ASFR52=01A00h-01A6Fh -ASFR53=01A80h-01AEFh -ASFR54=01B00h-01B6Fh \
  -ASFR55=01B80h-01BEFh -ASFR56=01C00h-01C6Fh -ASFR57=01C80h-01CEFh \
  -ASFR58=01D00h-01D6Fh -ASFR59=01D80h-01DEFh -ASFR60=01E00h-01E6Fh \
  -ASFR61=01E80h-01EEFh -ASFR62=01F00h-01F6Fh -ASFR63=01F80h-01FEFh \
  -preset_vec=00h,intentry=04h,init,end_init -ppowerup=CODE -pcinit=CODE \
  -pfunctab=ENTRY -ACONFIG=08007h-0800Bh -pconfig=CONFIG -DCONFIG=2 \
  -AIDLOC=08000h-08003h -pidloc=IDLOC -DIDLOC=2 -DCODE=2 -DSTRCODE=2 \
  -DSTRING=2 -DCONST=2 -DENTRY=2 -k \
  C:\Users\19006418\AppData\Local\Temp\s2qc.o \
  dist/default/production\CollimatorTest.X.production.o 

Object code version is 3.11

Machine type is 16F15354



                Name                               Link     Load   Length Selector   Space Scale
C:\Users\19006418\AppData\Local\Temp\s2qc.o
                end_init                             CB       CB        2        8       0
                reset_vec                             0        0        2        0       0
                config                             8007     8007        5    1000E       0
dist/default/production\CollimatorTest.X.production.o
                cinit                                CD       CD       10        8       0
                intentry                              4        4       C7        8       0
                text20                              E86      E86      17A     1D0C       0
                text19                              B13      B13       7B     1626       0
                text18                              9A4      9A4       1F     1348       0
                text17                              309      309      22C        8       0
                text16                              C8A      C8A       95     1914       0
                text14                              A2B      A2B       43     1456       0
                text13                              A05      A05       26     140A       0
                text12                              B8E      B8E       7C     171C       0
                text11                              535      535      17A        8       0
                text10                              9C3      9C3       20     1386       0
                text9                                DD       DD      22C        8       0
                text8                               D1F      D1F       96     1A3E       0
                text7                               6AF      6AF      109        8       0
                text6                               DB5      DB5       D1     1B6A       0
                text5                               7B8      7B8       47        8       0
                text4                               9E3      9E3       22     13C6       0
                text3                               98F      98F       15     131E       0
                text2                               C0A      C0A       80     1814       0
                text1                               ABD      ABD       56     157A       0
                maintext                            A6E      A6E       4F     14DC       0
                cstackBANK0                          20       20       3A       20       1
                cstackCOMMON                         70       70        E       70       1
                cstackBANK1                          A0       A0       50       A0       1
                cstackBANK2                         139      139        E      120       1
                clrtext                             989      989        6     1312       0
                bssBANK2                            120      120       19      120       1
                bssBANK0                             5A       5A        4       20       1
                nvBANK2                             147      147        1      120       1
                stringtext2                         803      803        4      FFE       0
                stringtext1                         7FF      7FF        4      FFE       0

TOTAL           Name                               Link     Load   Length     Space
        CLASS   STACK          

        CLASS   CODE           
                end_init                             CB       CB        2         0
                cinit                                CD       CD       10         0
                intentry                              4        4       C7         0
                reset_vec                             0        0        2         0
                text20                              E86      E86      17A         0
                text19                              B13      B13       7B         0
                text18                              9A4      9A4       1F         0
                text17                              309      309      22C         0
                text16                              C8A      C8A       95         0
                text14                              A2B      A2B       43         0
                text13                              A05      A05       26         0
                text12                              B8E      B8E       7C         0
                text11                              535      535      17A         0
                text10                              9C3      9C3       20         0
                text9                                DD       DD      22C         0
                text8                               D1F      D1F       96         0
                text7                               6AF      6AF      109         0
                text6                               DB5      DB5       D1         0
                text5                               7B8      7B8       47         0
                text4                               9E3      9E3       22         0
                text3                               98F      98F       15         0
                text2                               C0A      C0A       80         0
                text1                               ABD      ABD       56         0
                maintext                            A6E      A6E       4F         0
                clrtext                             989      989        6         0

        CLASS   STRCODE        
                stringtext2                         803      803        4         0
                stringtext1                         7FF      7FF        4         0

        CLASS   STRING         

        CLASS   CONST          

        CLASS   ENTRY          

        CLASS   COMMON         
                cstackCOMMON                         70       70        E         1

        CLASS   BANK0          
                cstackBANK0                          20       20       3A         1
                bssBANK0                             5A       5A        4         1

        CLASS   BANK1          
                cstackBANK1                          A0       A0       50         1

        CLASS   BANK2          
                cstackBANK2                         139      139        E         1
                bssBANK2                            120      120       19         1
                nvBANK2                             147      147        1         1

        CLASS   BANK3          

        CLASS   BANK4          

        CLASS   BANK5          

        CLASS   BANK6          

        CLASS   BIGRAM         

        CLASS   RAM            

        CLASS   ABS1           
                abs_s1                               7E       7E        2         1

        CLASS   SFR0           

        CLASS   SFR1           

        CLASS   SFR2           

        CLASS   SFR3           

        CLASS   SFR4           

        CLASS   SFR5           

        CLASS   SFR6           

        CLASS   SFR7           

        CLASS   SFR8           

        CLASS   SFR9           

        CLASS   SFR10          

        CLASS   SFR11          

        CLASS   SFR12          

        CLASS   SFR13          

        CLASS   SFR14          

        CLASS   SFR15          

        CLASS   SFR16          

        CLASS   SFR17          

        CLASS   SFR18          

        CLASS   SFR19          

        CLASS   SFR20          

        CLASS   SFR21          

        CLASS   SFR22          

        CLASS   SFR23          

        CLASS   SFR24          

        CLASS   SFR25          

        CLASS   SFR26          

        CLASS   SFR27          

        CLASS   SFR28          

        CLASS   SFR29          

        CLASS   SFR30          

        CLASS   SFR31          

        CLASS   SFR32          

        CLASS   SFR33          

        CLASS   SFR34          

        CLASS   SFR35          

        CLASS   SFR36          

        CLASS   SFR37          

        CLASS   SFR38          

        CLASS   SFR39          

        CLASS   SFR40          

        CLASS   SFR41          

        CLASS   SFR42          

        CLASS   SFR43          

        CLASS   SFR44          

        CLASS   SFR45          

        CLASS   SFR46          

        CLASS   SFR47          

        CLASS   SFR48          

        CLASS   SFR49          

        CLASS   SFR50          

        CLASS   SFR51          

        CLASS   SFR52          

        CLASS   SFR53          

        CLASS   SFR54          

        CLASS   SFR55          

        CLASS   SFR56          

        CLASS   SFR57          

        CLASS   SFR58          

        CLASS   SFR59          

        CLASS   SFR60          

        CLASS   SFR61          

        CLASS   SFR62          

        CLASS   SFR63          

        CLASS   CONFIG         
                config                             8007     8007        5         0

        CLASS   IDLOC          

        CLASS   BANK63         

        CLASS   BANK62         

        CLASS   BANK61         

        CLASS   BANK60         

        CLASS   BANK59         

        CLASS   BANK58         

        CLASS   BANK57         

        CLASS   BANK56         

        CLASS   BANK55         

        CLASS   BANK54         

        CLASS   BANK53         

        CLASS   BANK52         

        CLASS   BANK51         

        CLASS   BANK50         

        CLASS   BANK49         

        CLASS   BANK48         

        CLASS   BANK47         

        CLASS   BANK46         

        CLASS   BANK45         

        CLASS   BANK44         

        CLASS   BANK43         

        CLASS   BANK42         

        CLASS   BANK41         

        CLASS   BANK40         

        CLASS   BANK39         

        CLASS   BANK38         

        CLASS   BANK37         

        CLASS   BANK36         

        CLASS   BANK35         

        CLASS   BANK34         

        CLASS   BANK33         

        CLASS   BANK32         

        CLASS   BANK31         

        CLASS   BANK30         

        CLASS   BANK29         

        CLASS   BANK28         

        CLASS   BANK27         

        CLASS   BANK26         

        CLASS   BANK25         

        CLASS   BANK24         

        CLASS   BANK23         

        CLASS   BANK22         

        CLASS   BANK21         

        CLASS   BANK20         

        CLASS   BANK19         

        CLASS   BANK18         

        CLASS   BANK17         

        CLASS   BANK16         

        CLASS   BANK15         

        CLASS   BANK14         

        CLASS   BANK13         

        CLASS   BANK12         

        CLASS   BANK11         

        CLASS   BANK10         

        CLASS   BANK9          

        CLASS   BANK8          

        CLASS   BANK7          

        CLASS   EEDATA         



SEGMENTS        Name                           Load    Length   Top    Selector   Space  Class     Delta

                reset_vec                      000000  000002  000002         0       0  CODE        2
                intentry                       000004  0007FB  0007FF         8       0  CODE        2
                cstackBANK0                    000020  00003E  00005E        20       1  BANK0       1
                cstackCOMMON                   000070  00000E  00007E        70       1  COMMON      1
                cstackBANK1                    0000A0  000050  0000F0        A0       1  BANK1       1
                bssBANK2                       000120  000028  000148       120       1  BANK2       1
                stringtext1                    0007FF  000008  000807       FFE       0  STRCODE     2
                clrtext                        000989  000006  00098F      1312       0  CODE        2
                text3                          00098F  000015  0009A4      131E       0  CODE        2
                text18                         0009A4  00001F  0009C3      1348       0  CODE        2
                text10                         0009C3  000020  0009E3      1386       0  CODE        2
                text4                          0009E3  000022  000A05      13C6       0  CODE        2
                text13                         000A05  000026  000A2B      140A       0  CODE        2
                text14                         000A2B  000043  000A6E      1456       0  CODE        2
                maintext                       000A6E  00004F  000ABD      14DC       0  CODE        2
                text1                          000ABD  000056  000B13      157A       0  CODE        2
                text19                         000B13  00007B  000B8E      1626       0  CODE        2
                text12                         000B8E  00007C  000C0A      171C       0  CODE        2
                text2                          000C0A  000080  000C8A      1814       0  CODE        2
                text16                         000C8A  000095  000D1F      1914       0  CODE        2
                text8                          000D1F  000096  000DB5      1A3E       0  CODE        2
                text6                          000DB5  0000D1  000E86      1B6A       0  CODE        2
                text20                         000E86  00017A  001000      1D0C       0  CODE        2
                config                         008007  000005  00800C     1000E       0  CONFIG      2


UNUSED ADDRESS RANGES

        Name                Unused          Largest block    Delta
        BANK0            0005E-0006F              12           1
        BANK2            00148-0016F              28           1
        BANK3            001A0-001EF              50           1
        BANK4            00220-0026F              50           1
        BANK5            002A0-002EF              50           1
        BANK6            00320-0032F              10           1
        BIGRAM           02000-021EF             1F0           1
        CODE             00002-00003               2           2
                         00807-00988             182
        CONST            00002-00003               2           2
                         00807-00988              F9
        ENTRY            00002-00003               2           2
                         00807-00988              F9
        IDLOC            08000-08003               4           2
        RAM              0005E-0006F              12           1
                         00148-0016F              28
                         001A0-001EF              50
                         00220-0026F              50
                         002A0-002EF              50
                         00320-0032F              10
        SFR0             00000-0001F              20           1
        SFR1             00080-0009F              20           1
        SFR10            00500-0056F              70           1
        SFR11            00580-005EF              70           1
        SFR12            00600-0066F              70           1
        SFR13            00680-006EF              70           1
        SFR14            00700-0076F              70           1
        SFR15            00780-007EF              70           1
        SFR16            00800-0086F              70           1
        SFR17            00880-008EF              70           1
        SFR18            00900-0096F              70           1
        SFR19            00980-009EF              70           1
        SFR2             00100-0011F              20           1
        SFR20            00A00-00A6F              70           1
        SFR21            00A80-00AEF              70           1
        SFR22            00B00-00B6F              70           1
        SFR23            00B80-00BEF              70           1
        SFR24            00C00-00C6F              70           1
        SFR25            00C80-00CEF              70           1
        SFR26            00D00-00D6F              70           1
        SFR27            00D80-00DEF              70           1
        SFR28            00E00-00E6F              70           1
        SFR29            00E80-00EEF              70           1
        SFR3             00180-0019F              20           1
        SFR30            00F00-00F6F              70           1
        SFR31            00F80-00FEF              70           1
        SFR32            01000-0106F              70           1
        SFR33            01080-010EF              70           1
        SFR34            01100-0116F              70           1
        SFR35            01180-011EF              70           1
        SFR36            01200-0126F              70           1
        SFR37            01280-012EF              70           1
        SFR38            01300-0136F              70           1
        SFR39            01380-013EF              70           1
        SFR4             00200-0021F              20           1
        SFR40            01400-0146F              70           1
        SFR41            01480-014EF              70           1
        SFR42            01500-0156F              70           1
        SFR43            01580-015EF              70           1
        SFR44            01600-0166F              70           1
        SFR45            01680-016EF              70           1
        SFR46            01700-0176F              70           1
        SFR47            01780-017EF              70           1
        SFR48            01800-0186F              70           1
        SFR49            01880-018EF              70           1
        SFR5             00280-0029F              20           1
        SFR50            01900-0196F              70           1
        SFR51            01980-019EF              70           1
        SFR52            01A00-01A6F              70           1
        SFR53            01A80-01AEF              70           1
        SFR54            01B00-01B6F              70           1
        SFR55            01B80-01BEF              70           1
        SFR56            01C00-01C6F              70           1
        SFR57            01C80-01CEF              70           1
        SFR58            01D00-01D6F              70           1
        SFR59            01D80-01DEF              70           1
        SFR6             00300-0031F              20           1
        SFR60            01E00-01E6F              70           1
        SFR61            01E80-01EEF              70           1
        SFR62            01F00-01F6F              70           1
        SFR63            01F80-01FEF              70           1
        SFR7             00380-003EF              70           1
        SFR8             00400-0046F              70           1
        SFR9             00480-004EF              70           1
        STACK            020C8-021EF             128           1
        STRCODE          00002-00003               2           2
                         00807-00988             182
        STRING           00002-00003               2           2
                         00807-00988              F9

                                  Symbol Table

?__Umul8_16                cstackBANK1  000A0
?___fldiv                  cstackBANK1  000AE
?___flmul                  cstackBANK1  000C8
?___xxtofl                 cstackBANK1  000A0
?_getNTCV                  cstackBANK1  000E2
?_read_DIA                 cstackBANK1  000A0
?i1__Umul8_16              cstackCOMMON 00070
?i1___fldiv                cstackBANK0  00020
?i1___flmul                cstackBANK0  0003A
?i1___xxtofl               cstackCOMMON 00070
ErrFlush@count             cstackBANK1  000A0
ErrFlush@i                 cstackBANK1  000A4
_ADCON0bits                (abs)        0009D
_ADCON1bits                (abs)        0009E
_ADFM                      (abs)        004F7
_ADRES                     (abs)        0009B
_ANSELAbits                (abs)        01F38
_ANSELBbits                (abs)        01F43
_ANSELCbits                (abs)        01F4E
_DIA_Table                 bssBANK2     00120
_ErrFlush                  text14       00A2B
_ErrHanler                 text5        007B8
_FVRCONbits                (abs)        0090C
_FVREN                     (abs)        04867
_FVRRDY                    (abs)        04866
_GIE                       (abs)        0005F
_HeartBeatFlush            text4        009E3
_INTCONbits                (abs)        0000B
_IOCAF7                    (abs)        0F9FF
_IOCAN7                    (abs)        0F9F7
_LATCbits                  (abs)        0001A
_NVMADRH                   (abs)        0081B
_NVMADRL                   (abs)        0081A
_NVMCON1bits               (abs)        0081E
_NVMDATH                   (abs)        0081D
_NVMDATL                   (abs)        0081C
_PIE0bits                  (abs)        00716
_PIE1bits                  (abs)        00717
_PIR1bits                  (abs)        0070D
_PORTAbits                 (abs)        0000C
_PORTBbits                 (abs)        0000D
_T016BIT                   (abs)        02CF4
_T0CON1bits                (abs)        0059F
_T0EN                      (abs)        02CF7
_TMR0IE                    (abs)        038B5
_TMR0IF                    (abs)        03865
_TRISAbits                 (abs)        00012
_TRISBbits                 (abs)        00013
_TRISCbits                 (abs)        00014
__CFG_BBEN$OFF             (abs)        00000
__CFG_BBSIZE$BB512         (abs)        00000
__CFG_BOREN$OFF            (abs)        00000
__CFG_BORV$LO              (abs)        00000
__CFG_CLKOUTEN$OFF         (abs)        00000
__CFG_CP$OFF               (abs)        00000
__CFG_CSWEN$ON             (abs)        00000
__CFG_FCMEN$OFF            (abs)        00000
__CFG_FEXTOSC$OFF          (abs)        00000
__CFG_LPBOREN$OFF          (abs)        00000
__CFG_LVP$OFF              (abs)        00000
__CFG_MCLRE$ON             (abs)        00000
__CFG_PPS1WAY$ON           (abs)        00000
__CFG_PWRTE$OFF            (abs)        00000
__CFG_RSTOSC$HFINTPLL      (abs)        00000
__CFG_SAFEN$OFF            (abs)        00000
__CFG_STVREN$OFF           (abs)        00000
__CFG_WDTCCS$SC            (abs)        00000
__CFG_WDTCPS$WDTCPS_31     (abs)        00000
__CFG_WDTCWS$WDTCWS_7      (abs)        00000
__CFG_WDTE$OFF             (abs)        00000
__CFG_WRTAPP$OFF           (abs)        00000
__CFG_WRTB$OFF             (abs)        00000
__CFG_WRTC$OFF             (abs)        00000
__CFG_WRTSAF$OFF           (abs)        00000
__CFG_ZCD$OFF              (abs)        00000
__Habs1                    abs1         00000
__Hbank0                   bank0        00000
__Hbank1                   bank1        00000
__Hbank10                  bank10       00000
__Hbank11                  bank11       00000
__Hbank12                  bank12       00000
__Hbank13                  bank13       00000
__Hbank14                  bank14       00000
__Hbank15                  bank15       00000
__Hbank16                  bank16       00000
__Hbank17                  bank17       00000
__Hbank18                  bank18       00000
__Hbank19                  bank19       00000
__Hbank2                   bank2        00000
__Hbank20                  bank20       00000
__Hbank21                  bank21       00000
__Hbank22                  bank22       00000
__Hbank23                  bank23       00000
__Hbank24                  bank24       00000
__Hbank25                  bank25       00000
__Hbank26                  bank26       00000
__Hbank27                  bank27       00000
__Hbank28                  bank28       00000
__Hbank29                  bank29       00000
__Hbank3                   bank3        00000
__Hbank30                  bank30       00000
__Hbank31                  bank31       00000
__Hbank32                  bank32       00000
__Hbank33                  bank33       00000
__Hbank34                  bank34       00000
__Hbank35                  bank35       00000
__Hbank36                  bank36       00000
__Hbank37                  bank37       00000
__Hbank38                  bank38       00000
__Hbank39                  bank39       00000
__Hbank4                   bank4        00000
__Hbank40                  bank40       00000
__Hbank41                  bank41       00000
__Hbank42                  bank42       00000
__Hbank43                  bank43       00000
__Hbank44                  bank44       00000
__Hbank45                  bank45       00000
__Hbank46                  bank46       00000
__Hbank47                  bank47       00000
__Hbank48                  bank48       00000
__Hbank49                  bank49       00000
__Hbank5                   bank5        00000
__Hbank50                  bank50       00000
__Hbank51                  bank51       00000
__Hbank52                  bank52       00000
__Hbank53                  bank53       00000
__Hbank54                  bank54       00000
__Hbank55                  bank55       00000
__Hbank56                  bank56       00000
__Hbank57                  bank57       00000
__Hbank58                  bank58       00000
__Hbank59                  bank59       00000
__Hbank6                   bank6        00000
__Hbank60                  bank60       00000
__Hbank61                  bank61       00000
__Hbank62                  bank62       00000
__Hbank63                  bank63       00000
__Hbank7                   bank7        00000
__Hbank8                   bank8        00000
__Hbank9                   bank9        00000
__Hbigram                  bigram       00000
__HbssBANK0                bssBANK0     00000
__HbssBANK2                bssBANK2     00000
__Hcinit                   cinit        000DD
__Hclrtext                 clrtext      00000
__Hcode                    code         00000
__Hcommon                  common       00000
__Hconfig                  config       0800C
__HcstackBANK0             cstackBANK0  00000
__HcstackBANK1             cstackBANK1  00000
__HcstackBANK2             cstackBANK2  00000
__HcstackCOMMON            cstackCOMMON 00000
__Heeprom_data             eeprom_data  00000
__Hend_init                end_init     000CD
__Hfunctab                 functab      00000
__Hidloc                   idloc        00000
__Hinit                    init         000CB
__Hintentry                intentry     000CB
__Hmaintext                maintext     00000
__HnvBANK2                 nvBANK2      00000
__Hpowerup                 powerup      00000
__Hram                     ram          00000
__Hreset_vec               reset_vec    00002
__Hsfr0                    sfr0         00000
__Hsfr1                    sfr1         00000
__Hsfr10                   sfr10        00000
__Hsfr11                   sfr11        00000
__Hsfr12                   sfr12        00000
__Hsfr13                   sfr13        00000
__Hsfr14                   sfr14        00000
__Hsfr15                   sfr15        00000
__Hsfr16                   sfr16        00000
__Hsfr17                   sfr17        00000
__Hsfr18                   sfr18        00000
__Hsfr19                   sfr19        00000
__Hsfr2                    sfr2         00000
__Hsfr20                   sfr20        00000
__Hsfr21                   sfr21        00000
__Hsfr22                   sfr22        00000
__Hsfr23                   sfr23        00000
__Hsfr24                   sfr24        00000
__Hsfr25                   sfr25        00000
__Hsfr26                   sfr26        00000
__Hsfr27                   sfr27        00000
__Hsfr28                   sfr28        00000
__Hsfr29                   sfr29        00000
__Hsfr3                    sfr3         00000
__Hsfr30                   sfr30        00000
__Hsfr31                   sfr31        00000
__Hsfr32                   sfr32        00000
__Hsfr33                   sfr33        00000
__Hsfr34                   sfr34        00000
__Hsfr35                   sfr35        00000
__Hsfr36                   sfr36        00000
__Hsfr37                   sfr37        00000
__Hsfr38                   sfr38        00000
__Hsfr39                   sfr39        00000
__Hsfr4                    sfr4         00000
__Hsfr40                   sfr40        00000
__Hsfr41                   sfr41        00000
__Hsfr42                   sfr42        00000
__Hsfr43                   sfr43        00000
__Hsfr44                   sfr44        00000
__Hsfr45                   sfr45        00000
__Hsfr46                   sfr46        00000
__Hsfr47                   sfr47        00000
__Hsfr48                   sfr48        00000
__Hsfr49                   sfr49        00000
__Hsfr5                    sfr5         00000
__Hsfr50                   sfr50        00000
__Hsfr51                   sfr51        00000
__Hsfr52                   sfr52        00000
__Hsfr53                   sfr53        00000
__Hsfr54                   sfr54        00000
__Hsfr55                   sfr55        00000
__Hsfr56                   sfr56        00000
__Hsfr57                   sfr57        00000
__Hsfr58                   sfr58        00000
__Hsfr59                   sfr59        00000
__Hsfr6                    sfr6         00000
__Hsfr60                   sfr60        00000
__Hsfr61                   sfr61        00000
__Hsfr62                   sfr62        00000
__Hsfr63                   sfr63        00000
__Hsfr7                    sfr7         00000
__Hsfr8                    sfr8         00000
__Hsfr9                    sfr9         00000
__Hspace_0                 (abs)        0800C
__Hspace_1                 (abs)        00148
__Hspace_2                 (abs)        00000
__Hspace_3                 (abs)        00000
__Hstack                   stack        00000
__Hstrings                 strings      00000
__Hstringtext1             stringtext1  00000
__Hstringtext2             stringtext2  00000
__Htext                    text         00000
__Labs1                    abs1         00000
__Lbank0                   bank0        00000
__Lbank1                   bank1        00000
__Lbank10                  bank10       00000
__Lbank11                  bank11       00000
__Lbank12                  bank12       00000
__Lbank13                  bank13       00000
__Lbank14                  bank14       00000
__Lbank15                  bank15       00000
__Lbank16                  bank16       00000
__Lbank17                  bank17       00000
__Lbank18                  bank18       00000
__Lbank19                  bank19       00000
__Lbank2                   bank2        00000
__Lbank20                  bank20       00000
__Lbank21                  bank21       00000
__Lbank22                  bank22       00000
__Lbank23                  bank23       00000
__Lbank24                  bank24       00000
__Lbank25                  bank25       00000
__Lbank26                  bank26       00000
__Lbank27                  bank27       00000
__Lbank28                  bank28       00000
__Lbank29                  bank29       00000
__Lbank3                   bank3        00000
__Lbank30                  bank30       00000
__Lbank31                  bank31       00000
__Lbank32                  bank32       00000
__Lbank33                  bank33       00000
__Lbank34                  bank34       00000
__Lbank35                  bank35       00000
__Lbank36                  bank36       00000
__Lbank37                  bank37       00000
__Lbank38                  bank38       00000
__Lbank39                  bank39       00000
__Lbank4                   bank4        00000
__Lbank40                  bank40       00000
__Lbank41                  bank41       00000
__Lbank42                  bank42       00000
__Lbank43                  bank43       00000
__Lbank44                  bank44       00000
__Lbank45                  bank45       00000
__Lbank46                  bank46       00000
__Lbank47                  bank47       00000
__Lbank48                  bank48       00000
__Lbank49                  bank49       00000
__Lbank5                   bank5        00000
__Lbank50                  bank50       00000
__Lbank51                  bank51       00000
__Lbank52                  bank52       00000
__Lbank53                  bank53       00000
__Lbank54                  bank54       00000
__Lbank55                  bank55       00000
__Lbank56                  bank56       00000
__Lbank57                  bank57       00000
__Lbank58                  bank58       00000
__Lbank59                  bank59       00000
__Lbank6                   bank6        00000
__Lbank60                  bank60       00000
__Lbank61                  bank61       00000
__Lbank62                  bank62       00000
__Lbank63                  bank63       00000
__Lbank7                   bank7        00000
__Lbank8                   bank8        00000
__Lbank9                   bank9        00000
__Lbigram                  bigram       00000
__LbssBANK0                bssBANK0     00000
__LbssBANK2                bssBANK2     00000
__Lcinit                   cinit        000CD
__Lclrtext                 clrtext      00000
__Lcode                    code         00000
__Lcommon                  common       00000
__Lconfig                  config       08007
__LcstackBANK0             cstackBANK0  00000
__LcstackBANK1             cstackBANK1  00000
__LcstackBANK2             cstackBANK2  00000
__LcstackCOMMON            cstackCOMMON 00000
__Leeprom_data             eeprom_data  00000
__Lend_init                end_init     000CB
__Lfunctab                 functab      00000
__Lidloc                   idloc        00000
__Linit                    init         000CB
__Lintentry                intentry     00004
__Lmaintext                maintext     00000
__LnvBANK2                 nvBANK2      00000
__Lpowerup                 powerup      00000
__Lram                     ram          00000
__Lreset_vec               reset_vec    00000
__Lsfr0                    sfr0         00000
__Lsfr1                    sfr1         00000
__Lsfr10                   sfr10        00000
__Lsfr11                   sfr11        00000
__Lsfr12                   sfr12        00000
__Lsfr13                   sfr13        00000
__Lsfr14                   sfr14        00000
__Lsfr15                   sfr15        00000
__Lsfr16                   sfr16        00000
__Lsfr17                   sfr17        00000
__Lsfr18                   sfr18        00000
__Lsfr19                   sfr19        00000
__Lsfr2                    sfr2         00000
__Lsfr20                   sfr20        00000
__Lsfr21                   sfr21        00000
__Lsfr22                   sfr22        00000
__Lsfr23                   sfr23        00000
__Lsfr24                   sfr24        00000
__Lsfr25                   sfr25        00000
__Lsfr26                   sfr26        00000
__Lsfr27                   sfr27        00000
__Lsfr28                   sfr28        00000
__Lsfr29                   sfr29        00000
__Lsfr3                    sfr3         00000
__Lsfr30                   sfr30        00000
__Lsfr31                   sfr31        00000
__Lsfr32                   sfr32        00000
__Lsfr33                   sfr33        00000
__Lsfr34                   sfr34        00000
__Lsfr35                   sfr35        00000
__Lsfr36                   sfr36        00000
__Lsfr37                   sfr37        00000
__Lsfr38                   sfr38        00000
__Lsfr39                   sfr39        00000
__Lsfr4                    sfr4         00000
__Lsfr40                   sfr40        00000
__Lsfr41                   sfr41        00000
__Lsfr42                   sfr42        00000
__Lsfr43                   sfr43        00000
__Lsfr44                   sfr44        00000
__Lsfr45                   sfr45        00000
__Lsfr46                   sfr46        00000
__Lsfr47                   sfr47        00000
__Lsfr48                   sfr48        00000
__Lsfr49                   sfr49        00000
__Lsfr5                    sfr5         00000
__Lsfr50                   sfr50        00000
__Lsfr51                   sfr51        00000
__Lsfr52                   sfr52        00000
__Lsfr53                   sfr53        00000
__Lsfr54                   sfr54        00000
__Lsfr55                   sfr55        00000
__Lsfr56                   sfr56        00000
__Lsfr57                   sfr57        00000
__Lsfr58                   sfr58        00000
__Lsfr59                   sfr59        00000
__Lsfr6                    sfr6         00000
__Lsfr60                   sfr60        00000
__Lsfr61                   sfr61        00000
__Lsfr62                   sfr62        00000
__Lsfr63                   sfr63        00000
__Lsfr7                    sfr7         00000
__Lsfr8                    sfr8         00000
__Lsfr9                    sfr9         00000
__Lspace_0                 (abs)        00000
__Lspace_1                 (abs)        00000
__Lspace_2                 (abs)        00000
__Lspace_3                 (abs)        00000
__Lstack                   stack        00000
__Lstrings                 strings      00000
__Lstringtext1             stringtext1  00000
__Lstringtext2             stringtext2  00000
__Ltext                    text         00000
__S0                       (abs)        0800C
__S1                       (abs)        00148
__S2                       (abs)        00000
__Umul8_16                 text10       009C3
__Umul8_16@multiplicand    cstackBANK1  000A0
__Umul8_16@multiplier      cstackBANK1  000A8
__Umul8_16@product         cstackBANK1  000A4
__Umul8_16@word_mpld       cstackBANK1  000A6
___fldiv                   text11       00535
___fldiv@a                 cstackBANK1  000AE
___fldiv@aexp              cstackBANK1  000C7
___fldiv@b                 cstackBANK1  000B2
___fldiv@bexp              cstackBANK1  000C6
___fldiv@grs               cstackBANK1  000C2
___fldiv@new_exp           cstackBANK1  000C0
___fldiv@rem               cstackBANK1  000BB
___fldiv@sign              cstackBANK1  000BF
___flge                    text12       00B8E
___flge@ff1                cstackBANK1  000A0
___flge@ff2                cstackBANK1  000A4
___flmul                   text9        000DD
___flmul@a                 cstackBANK1  000CC
___flmul@aexp              cstackBANK1  000DA
___flmul@b                 cstackBANK1  000C8
___flmul@bexp              cstackBANK1  000DB
___flmul@grs               cstackBANK1  000D6
___flmul@prod              cstackBANK1  000DC
___flmul@sign              cstackBANK1  000D5
___flmul@temp              cstackBANK1  000E0
___int_sp                  stack        00000
___latbits                 (abs)        00001
___sp                      stack        00000
___stackhi                 (abs)        021EF
___stacklo                 (abs)        020C8
___xxtofl                  text8        00D1F
___xxtofl@arg              cstackBANK1  000AA
___xxtofl@exp              cstackBANK1  000A9
___xxtofl@sign             cstackBANK1  000A8
___xxtofl@val              cstackBANK1  000A0
__end_of_ErrFlush          text14       00A6E
__end_of_ErrHanler         text5        007FF
__end_of_HeartBeatFlush    text4        00A05
__end_of__Umul8_16         text10       009E3
__end_of___fldiv           text11       006AF
__end_of___flge            text12       00C0A
__end_of___flmul           text9        00309
__end_of___xxtofl          text8        00DB5
__end_of__initialization   cinit        000D9
__end_of_getNTCV           text7        007B8
__end_of_init              text1        00B13
__end_of_initDIA           text2        00C8A
__end_of_int_handler       intentry     000CB
__end_of_ledFaultCheck     text13       00A2B
__end_of_main              maintext     00ABD
__end_of_read_DIA          text3        009A4
__end_of_restoreLevel      stringtext1  00803
__end_of_temperatureCheck  text6        00E86
__end_of_upperLimit        stringtext2  00807
__end_ofi1__Umul8_16       text18       009C3
__end_ofi1___fldiv         text20       01000
__end_ofi1___flge          text19       00B8E
__end_ofi1___flmul         text17       00535
__end_ofi1___xxtofl        text16       00D1F
__initialization           cinit        000CD
__pbssBANK0                bssBANK0     0005A
__pbssBANK2                bssBANK2     00120
__pcstackBANK0             cstackBANK0  00020
__pcstackBANK1             cstackBANK1  000A0
__pcstackBANK2             cstackBANK2  00139
__pcstackCOMMON            cstackCOMMON 00070
__pintentry                intentry     00004
__pmaintext                maintext     00A6E
__pnvBANK2                 nvBANK2      00147
__pstringtext1             stringtext1  007FF
__pstringtext2             stringtext2  00803
__ptext1                   text1        00ABD
__ptext10                  text10       009C3
__ptext11                  text11       00535
__ptext12                  text12       00B8E
__ptext13                  text13       00A05
__ptext14                  text14       00A2B
__ptext16                  text16       00C8A
__ptext17                  text17       00309
__ptext18                  text18       009A4
__ptext19                  text19       00B13
__ptext2                   text2        00C0A
__ptext20                  text20       00E86
__ptext3                   text3        0098F
__ptext4                   text4        009E3
__ptext5                   text5        007B8
__ptext6                   text6        00DB5
__ptext7                   text7        006AF
__ptext8                   text8        00D1F
__ptext9                   text9        000DD
__size_of_ErrFlush         (abs)        00000
__size_of_ErrHanler        (abs)        00000
__size_of_HeartBeatFlush   (abs)        00000
__size_of__Umul8_16        (abs)        00000
__size_of___fldiv          (abs)        00000
__size_of___flge           (abs)        00000
__size_of___flmul          (abs)        00000
__size_of___xxtofl         (abs)        00000
__size_of_getNTCV          (abs)        00000
__size_of_init             (abs)        00000
__size_of_initDIA          (abs)        00000
__size_of_int_handler      (abs)        00000
__size_of_ledFaultCheck    (abs)        00000
__size_of_main             (abs)        00000
__size_of_read_DIA         (abs)        00000
__size_of_temperatureCheck (abs)        00000
__size_ofi1__Umul8_16      (abs)        00000
__size_ofi1___fldiv        (abs)        00000
__size_ofi1___flge         (abs)        00000
__size_ofi1___flmul        (abs)        00000
__size_ofi1___xxtofl       (abs)        00000
_currentStatus             nvBANK2      00147
_errReason                 bssBANK2     00138
_extNTCV                   bssBANK2     00130
_getNTCV                   text7        006AF
_getNTCV$1082              cstackBANK2  00139
_init                      text1        00ABD
_initDIA                   text2        00C0A
_intNTCV                   bssBANK2     00134
_int_handler               intentry     00004
_ledFaultCheck             text13       00A05
_main                      maintext     00A6E
_read_DIA                  text3        0098F
_temperatureCheck          text6        00DB5
_timerCounter              bssBANK0     0005A
btemp                      (abs)        0007E
clear_ram0                 clrtext      00989
end_of_initialization      cinit        000D9
getNTCV@VDD                cstackBANK2  0013D
getNTCV@channel            cstackBANK1  000E2
getNTCV@voltage            cstackBANK2  00141
i1__Umul8_16               text18       009A4
i1__Umul8_16@multiplicand  cstackCOMMON 00070
i1__Umul8_16@multiplier    cstackCOMMON 00078
i1__Umul8_16@product       cstackCOMMON 00074
i1__Umul8_16@word_mpld     cstackCOMMON 00076
i1___fldiv                 text20       00E86
i1___fldiv@a               cstackBANK0  00020
i1___fldiv@aexp            cstackBANK0  00039
i1___fldiv@b               cstackBANK0  00024
i1___fldiv@bexp            cstackBANK0  00038
i1___fldiv@grs             cstackBANK0  00034
i1___fldiv@new_exp         cstackBANK0  00032
i1___fldiv@rem             cstackBANK0  0002D
i1___fldiv@sign            cstackBANK0  00031
i1___flge                  text19       00B13
i1___flge@ff1              cstackCOMMON 00070
i1___flge@ff2              cstackCOMMON 00074
i1___flmul                 text17       00309
i1___flmul@a               cstackBANK0  0003E
i1___flmul@aexp            cstackBANK0  0004C
i1___flmul@b               cstackBANK0  0003A
i1___flmul@bexp            cstackBANK0  0004D
i1___flmul@grs             cstackBANK0  00048
i1___flmul@prod            cstackBANK0  0004E
i1___flmul@sign            cstackBANK0  00047
i1___flmul@temp            cstackBANK0  00052
i1___xxtofl                text16       00C8A
i1___xxtofl@arg            cstackCOMMON 0007A
i1___xxtofl@exp            cstackCOMMON 00079
i1___xxtofl@sign           cstackCOMMON 00078
i1___xxtofl@val            cstackCOMMON 00070
int$flags                  (abs)        0007E
int_handler@voltage        cstackBANK0  00056
intlevel0                  functab      00000
intlevel1                  functab      00000
intlevel2                  functab      00000
intlevel3                  functab      00000
intlevel4                  functab      00000
intlevel5                  functab      00000
main@checkCount            cstackBANK2  00145
read_DIA@Add               cstackBANK1  000A0
reset_vec                  reset_vec    00000
start                      init         000CB
start_initialization       cinit        000CD
wtemp0                     (abs)        0007E


FUNCTION INFORMATION:

 *************** function _main *****************
 Defined at:
		line 475 in file "main.c"
 Parameters:    Size  Location     Type
  argc            2   74[BANK1 ] int 
  argv            2   76[BANK1 ] PTR PTR unsigned char 
 Auto vars:     Size  Location     Type
  checkCount      2   12[BANK2 ] int 
 Return value:  Size  Location     Type
                  2   74[BANK1 ] int 
 Registers used:
		wreg, fsr0l, fsr0h, status,2, status,0, pclath, cstack
 Tracked objects:
		On entry : 
		On exit  : 
		Unchanged: 
 Data sizes:     COMMON   BANK0   BANK1   BANK2   BANK3   BANK4   BANK5   BANK6
      Params:         0       0       4       0       0       0       0       0
      Locals:         0       0       0       2       0       0       0       0
      Temps:          0       0       2       0       0       0       0       0
      Totals:         0       0       6       2       0       0       0       0
Total ram usage:        8 bytes
 Hardware stack levels required when called:    8
 This function calls:
		_ErrHanler
		_HeartBeatFlush
		_init
		_ledFaultCheck
		_temperatureCheck
 This function is called by:
		Startup code after reset
 This function uses a non-reentrant model


 *************** function _init *****************
 Defined at:
		line 140 in file "main.c"
 Parameters:    Size  Location     Type
		None
 Auto vars:     Size  Location     Type
		None
 Return value:  Size  Location     Type
                  1    wreg      void 
 Registers used:
		wreg, status,2, status,0, pclath, cstack
 Tracked objects:
		On entry : 
		On exit  : 
		Unchanged: 
 Data sizes:     COMMON   BANK0   BANK1   BANK2   BANK3   BANK4   BANK5   BANK6
      Params:         0       0       0       0       0       0       0       0
      Locals:         0       0       0       0       0       0       0       0
      Temps:          0       0       0       0       0       0       0       0
      Totals:         0       0       0       0       0       0       0       0
Total ram usage:        0 bytes
 Hardware stack levels used:    1
 Hardware stack levels required when called:    5
 This function calls:
		_initDIA
 This function is called by:
		_main
 This function uses a non-reentrant model


 *************** function _initDIA *****************
 Defined at:
		line 75 in file "main.c"
 Parameters:    Size  Location     Type
		None
 Auto vars:     Size  Location     Type
		None
 Return value:  Size  Location     Type
                  1    wreg      void 
 Registers used:
		wreg, status,2, pclath, cstack
 Tracked objects:
		On entry : 
		On exit  : 
		Unchanged: 
 Data sizes:     COMMON   BANK0   BANK1   BANK2   BANK3   BANK4   BANK5   BANK6
      Params:         0       0       0       0       0       0       0       0
      Locals:         0       0       0       0       0       0       0       0
      Temps:          0       0       0       0       0       0       0       0
      Totals:         0       0       0       0       0       0       0       0
Total ram usage:        0 bytes
 Hardware stack levels used:    1
 Hardware stack levels required when called:    4
 This function calls:
		_read_DIA
 This function is called by:
		_init
 This function uses a non-reentrant model


 *************** function _read_DIA *****************
 Defined at:
		line 64 in file "main.c"
 Parameters:    Size  Location     Type
  Add             2    0[BANK1 ] unsigned int 
 Auto vars:     Size  Location     Type
		None
 Return value:  Size  Location     Type
                  2    0[BANK1 ] unsigned int 
 Registers used:
		wreg, status,2
 Tracked objects:
		On entry : 
		On exit  : 
		Unchanged: 
 Data sizes:     COMMON   BANK0   BANK1   BANK2   BANK3   BANK4   BANK5   BANK6
      Params:         0       0       2       0       0       0       0       0
      Locals:         0       0       0       0       0       0       0       0
      Temps:          0       0       0       0       0       0       0       0
      Totals:         0       0       2       0       0       0       0       0
Total ram usage:        2 bytes
 Hardware stack levels used:    1
 Hardware stack levels required when called:    3
 This function calls:
		Nothing
 This function is called by:
		_initDIA
 This function uses a non-reentrant model


 *************** function _HeartBeatFlush *****************
 Defined at:
		line 299 in file "main.c"
 Parameters:    Size  Location     Type
		None
 Auto vars:     Size  Location     Type
		None
 Return value:  Size  Location     Type
                  1    wreg      void 
 Registers used:
		wreg
 Tracked objects:
		On entry : 
		On exit  : 
		Unchanged: 
 Data sizes:     COMMON   BANK0   BANK1   BANK2   BANK3   BANK4   BANK5   BANK6
      Params:         0       0       0       0       0       0       0       0
      Locals:         0       0       0       0       0       0       0       0
      Temps:          0       0       2       0       0       0       0       0
      Totals:         0       0       2       0       0       0       0       0
Total ram usage:        2 bytes
 Hardware stack levels used:    1
 Hardware stack levels required when called:    3
 This function calls:
		Nothing
 This function is called by:
		_main
 This function uses a non-reentrant model


 *************** function _ErrHanler *****************
 Defined at:
		line 370 in file "main.c"
 Parameters:    Size  Location     Type
		None
 Auto vars:     Size  Location     Type
		None
 Return value:  Size  Location     Type
                  1    wreg      void 
 Registers used:
		wreg, fsr0l, fsr0h, status,2, status,0, pclath, cstack
 Tracked objects:
		On entry : 
		On exit  : 
		Unchanged: 
 Data sizes:     COMMON   BANK0   BANK1   BANK2   BANK3   BANK4   BANK5   BANK6
      Params:         0       0       0       0       0       0       0       0
      Locals:         0       0       0       0       0       0       0       0
      Temps:          0       0       2       0       0       0       0       0
      Totals:         0       0       2       0       0       0       0       0
Total ram usage:        2 bytes
 Hardware stack levels used:    1
 Hardware stack levels required when called:    7
 This function calls:
		_ErrFlush
		_ledFaultCheck
		_temperatureCheck
 This function is called by:
		_main
 This function uses a non-reentrant model


 *************** function _temperatureCheck *****************
 Defined at:
		line 333 in file "main.c"
 Parameters:    Size  Location     Type
		None
 Auto vars:     Size  Location     Type
		None
 Return value:  Size  Location     Type
                  1    wreg      void 
 Registers used:
		wreg, status,2, status,0, pclath, cstack
 Tracked objects:
		On entry : 
		On exit  : 
		Unchanged: 
 Data sizes:     COMMON   BANK0   BANK1   BANK2   BANK3   BANK4   BANK5   BANK6
      Params:         0       0       0       0       0       0       0       0
      Locals:         0       0       0       0       0       0       0       0
      Temps:          0       0       1       0       0       0       0       0
      Totals:         0       0       1       0       0       0       0       0
Total ram usage:        1 bytes
 Hardware stack levels used:    1
 Hardware stack levels required when called:    6
 This function calls:
		___flge
		_getNTCV
 This function is called by:
		_ErrHanler
		_main
 This function uses a non-reentrant model


 *************** function _getNTCV *****************
 Defined at:
		line 226 in file "main.c"
 Parameters:    Size  Location     Type
  channel         2   66[BANK1 ] unsigned int 
 Auto vars:     Size  Location     Type
  voltage         4    8[BANK2 ] float 
  VDD             4    4[BANK2 ] float 
 Return value:  Size  Location     Type
                  4   66[BANK1 ] float 
 Registers used:
		wreg, status,2, status,0, pclath, cstack
 Tracked objects:
		On entry : 
		On exit  : 
		Unchanged: 
 Data sizes:     COMMON   BANK0   BANK1   BANK2   BANK3   BANK4   BANK5   BANK6
      Params:         0       0       4       0       0       0       0       0
      Locals:         0       0       0      12       0       0       0       0
      Temps:          0       0       1       0       0       0       0       0
      Totals:         0       0       5      12       0       0       0       0
Total ram usage:       17 bytes
 Hardware stack levels used:    1
 Hardware stack levels required when called:    5
 This function calls:
		___fldiv
		___flmul
		___xxtofl
 This function is called by:
		_temperatureCheck
 This function uses a non-reentrant model


 *************** function ___xxtofl *****************
 Defined at:
		line 10 in file "C:\Program Files (x86)\Microchip\xc8\v2.05\pic\sources\c99\common\xxtofl.c"
 Parameters:    Size  Location     Type
  sign            1    wreg     unsigned char 
  val             4    0[BANK1 ] long 
 Auto vars:     Size  Location     Type
  sign            1    8[BANK1 ] unsigned char 
  arg             4   10[BANK1 ] unsigned long 
  exp             1    9[BANK1 ] unsigned char 
 Return value:  Size  Location     Type
                  4    0[BANK1 ] unsigned char 
 Registers used:
		wreg, status,2, status,0
 Tracked objects:
		On entry : 
		On exit  : 
		Unchanged: 
 Data sizes:     COMMON   BANK0   BANK1   BANK2   BANK3   BANK4   BANK5   BANK6
      Params:         0       0       4       0       0       0       0       0
      Locals:         0       0       6       0       0       0       0       0
      Temps:          0       0       4       0       0       0       0       0
      Totals:         0       0      14       0       0       0       0       0
Total ram usage:       14 bytes
 Hardware stack levels used:    1
 Hardware stack levels required when called:    3
 This function calls:
		Nothing
 This function is called by:
		_getNTCV
 This function uses a non-reentrant model


 *************** function ___flmul *****************
 Defined at:
		line 8 in file "C:\Program Files (x86)\Microchip\xc8\v2.05\pic\sources\c99\common\sprcmul.c"
 Parameters:    Size  Location     Type
  b               4   40[BANK1 ] unsigned char 
  a               4   44[BANK1 ] unsigned char 
 Auto vars:     Size  Location     Type
  prod            4   60[BANK1 ] struct .
  grs             4   54[BANK1 ] unsigned long 
  temp            2   64[BANK1 ] struct .
  bexp            1   59[BANK1 ] unsigned char 
  aexp            1   58[BANK1 ] unsigned char 
  sign            1   53[BANK1 ] unsigned char 
 Return value:  Size  Location     Type
                  4   40[BANK1 ] unsigned char 
 Registers used:
		wreg, status,2, status,0, pclath, cstack
 Tracked objects:
		On entry : 
		On exit  : 
		Unchanged: 
 Data sizes:     COMMON   BANK0   BANK1   BANK2   BANK3   BANK4   BANK5   BANK6
      Params:         0       0       8       0       0       0       0       0
      Locals:         0       0      13       0       0       0       0       0
      Temps:          0       0       5       0       0       0       0       0
      Totals:         0       0      26       0       0       0       0       0
Total ram usage:       26 bytes
 Hardware stack levels used:    1
 Hardware stack levels required when called:    4
 This function calls:
		__Umul8_16
 This function is called by:
		_getNTCV
 This function uses a non-reentrant model


 *************** function __Umul8_16 *****************
 Defined at:
		line 4 in file "C:\Program Files (x86)\Microchip\xc8\v2.05\pic\sources\c99\common\Umul8_16.c"
 Parameters:    Size  Location     Type
  multiplier      1    wreg     unsigned char 
  multiplicand    1    0[BANK1 ] unsigned char 
 Auto vars:     Size  Location     Type
  multiplier      1    8[BANK1 ] unsigned char 
  word_mpld       2    6[BANK1 ] unsigned int 
  product         2    4[BANK1 ] unsigned int 
 Return value:  Size  Location     Type
                  2    0[BANK1 ] unsigned int 
 Registers used:
		wreg, status,2, status,0
 Tracked objects:
		On entry : 
		On exit  : 
		Unchanged: 
 Data sizes:     COMMON   BANK0   BANK1   BANK2   BANK3   BANK4   BANK5   BANK6
      Params:         0       0       2       0       0       0       0       0
      Locals:         0       0       5       0       0       0       0       0
      Temps:          0       0       2       0       0       0       0       0
      Totals:         0       0       9       0       0       0       0       0
Total ram usage:        9 bytes
 Hardware stack levels used:    1
 Hardware stack levels required when called:    3
 This function calls:
		Nothing
 This function is called by:
		___flmul
 This function uses a non-reentrant model


 *************** function ___fldiv *****************
 Defined at:
		line 8 in file "C:\Program Files (x86)\Microchip\xc8\v2.05\pic\sources\c99\common\sprcdiv.c"
 Parameters:    Size  Location     Type
  a               4   14[BANK1 ] unsigned int 
  b               4   18[BANK1 ] unsigned int 
 Auto vars:     Size  Location     Type
  grs             4   34[BANK1 ] unsigned long 
  rem             4   27[BANK1 ] unsigned long 
  new_exp         2   32[BANK1 ] int 
  aexp            1   39[BANK1 ] unsigned char 
  bexp            1   38[BANK1 ] unsigned char 
  sign            1   31[BANK1 ] unsigned char 
 Return value:  Size  Location     Type
                  4   14[BANK1 ] unsigned char 
 Registers used:
		wreg, status,2, status,0
 Tracked objects:
		On entry : 
		On exit  : 
		Unchanged: 
 Data sizes:     COMMON   BANK0   BANK1   BANK2   BANK3   BANK4   BANK5   BANK6
      Params:         0       0       8       0       0       0       0       0
      Locals:         0       0      13       0       0       0       0       0
      Temps:          0       0       5       0       0       0       0       0
      Totals:         0       0      26       0       0       0       0       0
Total ram usage:       26 bytes
 Hardware stack levels used:    1
 Hardware stack levels required when called:    3
 This function calls:
		Nothing
 This function is called by:
		_getNTCV
 This function uses a non-reentrant model


 *************** function ___flge *****************
 Defined at:
		line 4 in file "C:\Program Files (x86)\Microchip\xc8\v2.05\pic\sources\c99\common\flge.c"
 Parameters:    Size  Location     Type
  ff1             4    0[BANK1 ] unsigned char 
  ff2             4    4[BANK1 ] unsigned char 
 Auto vars:     Size  Location     Type
		None
 Return value:  Size  Location     Type
		None               void
 Registers used:
		wreg, status,2, status,0
 Tracked objects:
		On entry : 
		On exit  : 
		Unchanged: 
 Data sizes:     COMMON   BANK0   BANK1   BANK2   BANK3   BANK4   BANK5   BANK6
      Params:         0       0       8       0       0       0       0       0
      Locals:         0       0       0       0       0       0       0       0
      Temps:          0       0       4       0       0       0       0       0
      Totals:         0       0      12       0       0       0       0       0
Total ram usage:       12 bytes
 Hardware stack levels used:    1
 Hardware stack levels required when called:    3
 This function calls:
		Nothing
 This function is called by:
		_temperatureCheck
 This function uses a non-reentrant model


 *************** function _ledFaultCheck *****************
 Defined at:
		line 356 in file "main.c"
 Parameters:    Size  Location     Type
		None
 Auto vars:     Size  Location     Type
		None
 Return value:  Size  Location     Type
                  1    wreg      void 
 Registers used:
		wreg, status,2, status,0
 Tracked objects:
		On entry : 
		On exit  : 
		Unchanged: 
 Data sizes:     COMMON   BANK0   BANK1   BANK2   BANK3   BANK4   BANK5   BANK6
      Params:         0       0       0       0       0       0       0       0
      Locals:         0       0       0       0       0       0       0       0
      Temps:          0       0       1       0       0       0       0       0
      Totals:         0       0       1       0       0       0       0       0
Total ram usage:        1 bytes
 Hardware stack levels used:    1
 Hardware stack levels required when called:    3
 This function calls:
		Nothing
 This function is called by:
		_ErrHanler
		_main
 This function uses a non-reentrant model


 *************** function _ErrFlush *****************
 Defined at:
		line 319 in file "main.c"
 Parameters:    Size  Location     Type
  count           2    0[BANK1 ] int 
 Auto vars:     Size  Location     Type
  i               2    4[BANK1 ] int 
 Return value:  Size  Location     Type
                  1    wreg      void 
 Registers used:
		wreg, status,2
 Tracked objects:
		On entry : 
		On exit  : 
		Unchanged: 
 Data sizes:     COMMON   BANK0   BANK1   BANK2   BANK3   BANK4   BANK5   BANK6
      Params:         0       0       2       0       0       0       0       0
      Locals:         0       0       2       0       0       0       0       0
      Temps:          0       0       2       0       0       0       0       0
      Totals:         0       0       6       0       0       0       0       0
Total ram usage:        6 bytes
 Hardware stack levels used:    1
 Hardware stack levels required when called:    3
 This function calls:
		Nothing
 This function is called by:
		_ErrHanler
 This function uses a non-reentrant model


 *************** function _int_handler *****************
 Defined at:
		line 404 in file "main.c"
 Parameters:    Size  Location     Type
		None
 Auto vars:     Size  Location     Type
  voltage         4   54[BANK0 ] float 
 Return value:  Size  Location     Type
                  1    wreg      void 
 Registers used:
		wreg, status,2, status,0, pclath, cstack
 Tracked objects:
		On entry : 
		On exit  : 
		Unchanged: 
 Data sizes:     COMMON   BANK0   BANK1   BANK2   BANK3   BANK4   BANK5   BANK6
      Params:         0       0       0       0       0       0       0       0
      Locals:         0       4       0       0       0       0       0       0
      Temps:          0       2       0       0       0       0       0       0
      Totals:         0       6       0       0       0       0       0       0
Total ram usage:        6 bytes
 Hardware stack levels used:    1
 Hardware stack levels required when called:    2
 This function calls:
		i1___fldiv
		i1___flge
		i1___flmul
		i1___xxtofl
 This function is called by:
		Interrupt level 1
 This function uses a non-reentrant model


 *************** function i1___xxtofl *****************
 Defined at:
		line 10 in file "C:\Program Files (x86)\Microchip\xc8\v2.05\pic\sources\c99\common\xxtofl.c"
 Parameters:    Size  Location     Type
  sign            1    wreg     unsigned char 
  val             4    0[COMMON] long 
 Auto vars:     Size  Location     Type
  sign            1    8[COMMON] unsigned char 
  __xxtofl        4   10[COMMON] unsigned long 
  __xxtofl        1    9[COMMON] unsigned char 
 Return value:  Size  Location     Type
                  4    0[COMMON] unsigned char 
 Registers used:
		wreg, status,2, status,0
 Tracked objects:
		On entry : 
		On exit  : 
		Unchanged: 
 Data sizes:     COMMON   BANK0   BANK1   BANK2   BANK3   BANK4   BANK5   BANK6
      Params:         4       0       0       0       0       0       0       0
      Locals:         6       0       0       0       0       0       0       0
      Temps:          4       0       0       0       0       0       0       0
      Totals:        14       0       0       0       0       0       0       0
Total ram usage:       14 bytes
 Hardware stack levels used:    1
 This function calls:
		Nothing
 This function is called by:
		_int_handler
 This function uses a non-reentrant model


 *************** function i1___flmul *****************
 Defined at:
		line 8 in file "C:\Program Files (x86)\Microchip\xc8\v2.05\pic\sources\c99\common\sprcmul.c"
 Parameters:    Size  Location     Type
  b               4   26[BANK0 ] unsigned char 
  a               4   30[BANK0 ] unsigned char 
 Auto vars:     Size  Location     Type
  __flmul         4   46[BANK0 ] struct .
  __flmul         4   40[BANK0 ] unsigned long 
  __flmul         2   50[BANK0 ] struct .
  __flmul         1   45[BANK0 ] unsigned char 
  __flmul         1   44[BANK0 ] unsigned char 
  __flmul         1   39[BANK0 ] unsigned char 
 Return value:  Size  Location     Type
                  4   26[BANK0 ] unsigned char 
 Registers used:
		wreg, status,2, status,0, pclath, cstack
 Tracked objects:
		On entry : 
		On exit  : 
		Unchanged: 
 Data sizes:     COMMON   BANK0   BANK1   BANK2   BANK3   BANK4   BANK5   BANK6
      Params:         0       8       0       0       0       0       0       0
      Locals:         0      13       0       0       0       0       0       0
      Temps:          0       5       0       0       0       0       0       0
      Totals:         0      26       0       0       0       0       0       0
Total ram usage:       26 bytes
 Hardware stack levels used:    1
 Hardware stack levels required when called:    1
 This function calls:
		i1__Umul8_16
 This function is called by:
		_int_handler
 This function uses a non-reentrant model


 *************** function i1__Umul8_16 *****************
 Defined at:
		line 4 in file "C:\Program Files (x86)\Microchip\xc8\v2.05\pic\sources\c99\common\Umul8_16.c"
 Parameters:    Size  Location     Type
  multiplier      1    wreg     unsigned char 
  multiplicand    1    0[COMMON] unsigned char 
 Auto vars:     Size  Location     Type
  multiplier      1    8[COMMON] unsigned char 
  _Umul8_16       2    6[COMMON] unsigned int 
  _Umul8_16       2    4[COMMON] unsigned int 
 Return value:  Size  Location     Type
                  2    0[COMMON] unsigned int 
 Registers used:
		wreg, status,2, status,0
 Tracked objects:
		On entry : 
		On exit  : 
		Unchanged: 
 Data sizes:     COMMON   BANK0   BANK1   BANK2   BANK3   BANK4   BANK5   BANK6
      Params:         2       0       0       0       0       0       0       0
      Locals:         5       0       0       0       0       0       0       0
      Temps:          2       0       0       0       0       0       0       0
      Totals:         9       0       0       0       0       0       0       0
Total ram usage:        9 bytes
 Hardware stack levels used:    1
 This function calls:
		Nothing
 This function is called by:
		i1___flmul
 This function uses a non-reentrant model


 *************** function i1___flge *****************
 Defined at:
		line 4 in file "C:\Program Files (x86)\Microchip\xc8\v2.05\pic\sources\c99\common\flge.c"
 Parameters:    Size  Location     Type
  ff1             4    0[COMMON] unsigned int 
  ff2             4    4[COMMON] unsigned int 
 Auto vars:     Size  Location     Type
		None
 Return value:  Size  Location     Type
		None               void
 Registers used:
		wreg, status,2, status,0
 Tracked objects:
		On entry : 
		On exit  : 
		Unchanged: 
 Data sizes:     COMMON   BANK0   BANK1   BANK2   BANK3   BANK4   BANK5   BANK6
      Params:         8       0       0       0       0       0       0       0
      Locals:         0       0       0       0       0       0       0       0
      Temps:          4       0       0       0       0       0       0       0
      Totals:        12       0       0       0       0       0       0       0
Total ram usage:       12 bytes
 Hardware stack levels used:    1
 This function calls:
		Nothing
 This function is called by:
		_int_handler
 This function uses a non-reentrant model


 *************** function i1___fldiv *****************
 Defined at:
		line 8 in file "C:\Program Files (x86)\Microchip\xc8\v2.05\pic\sources\c99\common\sprcdiv.c"
 Parameters:    Size  Location     Type
  a               4    0[BANK0 ] unsigned int 
  b               4    4[BANK0 ] unsigned int 
 Auto vars:     Size  Location     Type
  __fldiv         4   20[BANK0 ] unsigned long 
  __fldiv         4   13[BANK0 ] unsigned long 
  __fldiv         2   18[BANK0 ] int 
  __fldiv         1   25[BANK0 ] unsigned char 
  __fldiv         1   24[BANK0 ] unsigned char 
  __fldiv         1   17[BANK0 ] unsigned char 
 Return value:  Size  Location     Type
                  4    0[BANK0 ] unsigned char 
 Registers used:
		wreg, status,2, status,0
 Tracked objects:
		On entry : 
		On exit  : 
		Unchanged: 
 Data sizes:     COMMON   BANK0   BANK1   BANK2   BANK3   BANK4   BANK5   BANK6
      Params:         0       8       0       0       0       0       0       0
      Locals:         0      13       0       0       0       0       0       0
      Temps:          0       5       0       0       0       0       0       0
      Totals:         0      26       0       0       0       0       0       0
Total ram usage:       26 bytes
 Hardware stack levels used:    1
 This function calls:
		Nothing
 This function is called by:
		_int_handler
 This function uses a non-reentrant model



MODULE INFORMATION

Module		Function		Class		Link	Load	Size
C:\Program Files (x86)\Microchip\xc8\v2.05\pic\sources\c99\common\flge.c
		___flge        		CODE           	0B8E	0000	125

C:\Program Files (x86)\Microchip\xc8\v2.05\pic\sources\c99\common\flge.c estimated size: 125

C:\Program Files (x86)\Microchip\xc8\v2.05\pic\sources\c99\common\xxtofl.c
		___xxtofl      		CODE           	0D1F	0000	151

C:\Program Files (x86)\Microchip\xc8\v2.05\pic\sources\c99\common\xxtofl.c estimated size: 151

C:\Program Files (x86)\Microchip\xc8\v2.05\pic\sources\c99\common\sprcmul.c
		___flmul       		CODE           	00DD	0000	557

C:\Program Files (x86)\Microchip\xc8\v2.05\pic\sources\c99\common\sprcmul.c estimated size: 557

C:\Program Files (x86)\Microchip\xc8\v2.05\pic\sources\c99\common\sprcdiv.c
		___fldiv       		CODE           	0535	0000	379

C:\Program Files (x86)\Microchip\xc8\v2.05\pic\sources\c99\common\sprcdiv.c estimated size: 379

shared
		_upperLimit    		STRCODE        	0000	0000	0
		_restoreLevel  		STRCODE        	0000	0000	0
		i1__Umul8_16   		CODE           	09A4	0000	32
		i1___fldiv     		CODE           	0E86	0000	379
		__initialization		CODE           	00CD	0000	13
		i1___flge      		CODE           	0B13	0000	124
		i1___flmul     		CODE           	0309	0000	557
		i1___xxtofl    		CODE           	0C8A	0000	150

shared estimated size: 1255

C:\Program Files (x86)\Microchip\xc8\v2.05\pic\sources\c99\common\Umul8_16.c
		__Umul8_16     		CODE           	09C3	0000	33

C:\Program Files (x86)\Microchip\xc8\v2.05\pic\sources\c99\common\Umul8_16.c estimated size: 33

main.c
		_init          		CODE           	0ABD	0000	87
		_ledFaultCheck 		CODE           	0A05	0000	39
		_ErrFlush      		CODE           	0A2B	0000	68
		_ErrHanler     		CODE           	07B8	0000	72
		_read_DIA      		CODE           	098F	0000	22
		_temperatureCheck		CODE           	0DB5	0000	210
		_main          		CODE           	0A6E	0000	80
		_HeartBeatFlush		CODE           	09E3	0000	35
		_initDIA       		CODE           	0C0A	0000	129
		_int_handler   		CODE           	0004	0000	200
		_getNTCV       		CODE           	06AF	0000	266

main.c estimated size: 1208

